
> layzzbe-market@0.0.0 build
> vite build

[36mvite v7.3.1 [32mbuilding client environment for production...[36m[39m
transforming...
[32mтЬУ[39m 4 modules transformed.
node.exe : [31mтЬЧ[39
m Build failed in 131ms
строка:1 знак:1
+ & "C:\Program Files\n
odejs/node.exe" "C:\Pro
gram Files\nodejs/node_
mo ...
+ ~~~~~~~~~~~~~~~~~~~~~
~~~~~~~~~~~~~~~~~~~~~~~
~~~~~~~~~~~~~~~~~~~~~~~
~~
    + CategoryInfo     
         : NotSpecifi  
  ed: ([31mтЬЧ[39m   
  Build failed in 1    
31ms:String) [], R    e
moteException
    + FullyQualifiedEr 
   rorId : NativeComm  
  andError
 
[31merror during build
:
[31m[vite:css] Failed 
to load PostCSS config 
(searchPath: C:/Users/l
ayzzbe/layzzbe-market):
 [Error] Loading PostCS
S Plugin failed: Cannot
 find module '@tailwind
css/postcss'
Require stack:
- C:\Users\layzzbe\layz
zbe-market\postcss.conf
ig.js

(@C:\Users\layzzbe\layz
zbe-market\postcss.conf
ig.js)
Error: Loading PostCSS 
Plugin failed: Cannot f
ind module '@tailwindcs
s/postcss'
Require stack:
- C:\Users\layzzbe\layz
zbe-market\postcss.conf
ig.js

(@C:\Users\layzzbe\layz
zbe-market\postcss.conf
ig.js)
    at load (file:///C:
/Users/layzzbe/layzzbe-
market/node_modules/vit
e/dist/node/chunks/conf
ig.js:7660:10)
    at async Promise.al
l (index 0)
    at async plugins (f
ile:///C:/Users/layzzbe
/layzzbe-market/node_mo
dules/vite/dist/node/ch
unks/config.js:7682:11)
    at async processRes
ult (file:///C:/Users/l
ayzzbe/layzzbe-market/n
ode_modules/vite/dist/n
ode/chunks/config.js:77
21:13)[31m
file: [36mC:/Users/lay
zzbe/layzzbe-market/src
/index.css[31m
[39m
